******************************************************************************
                  TI ARM Linker PC v18.12.4                    
******************************************************************************
>> Linked Thu Feb 11 12:46:41 2021

OUTPUT FILE NAME:   <TMS570_free_RTOS_UART.out>
ENTRY POINT SYMBOL: "_c_int00"  address: 0000ded8


MEMORY CONFIGURATION

         name            origin    length      used     unused   attr    fill
----------------------  --------  ---------  --------  --------  ----  --------
  VECTORS               00000000   00000020  00000020  00000000     X
  KERNEL                00000020   00008000  00005120  00002ee0  R  X
  FLASH0                00008020   00057fe0  000076dc  00050904  R  X
  STACKS                08000000   00000800  00000000  00000800  RW  
  KRAM                  08000800   00000800  00000104  000006fc  RW  
  RAM                   08001000   00007000  00002041  00004fbf  RW  


SEGMENT ALLOCATION MAP

run origin  load origin   length   init length attrs members
----------  ----------- ---------- ----------- ----- -------
00000000    00000000    00005140   00005140    r-x
  00000000    00000000    00000020   00000020    r-x .intvecs
  00000020    00000020    000050c0   000050c0    r-x .kernelTEXT
  000050e0    000050e0    00000060   00000060    r-- .cinit
00008020    00008020    000076dc   000076dc    r-x
  00008020    00008020    0000755c   0000755c    r-x .text
  0000f57c    0000f57c    00000180   00000180    r-- .const
08000800    08000800    00000104   00000000    rw-
  08000800    08000800    00000104   00000000    rw- .kernelBSS
08001000    08001000    00002044   00000000    rw-
  08001000    08001000    00002000   00000000    rw- .kernelHEAP
  08003000    08003000    00000021   00000000    rw- .bss
  08003024    08003024    00000020   00000000    rw- .data


SECTION ALLOCATION MAP

 output                                  attributes/
section   page    origin      length       input sections
--------  ----  ----------  ----------   ----------------
.intvecs   0    00000000    00000020     
                  00000000    00000020     sys_intvecs.obj (.intvecs)

.kernelTEXT 
*          0    00000020    000050c0     
                  00000020    00002bdc     os_tasks.obj (.kernelTEXT)
                  00002bfc    000011dc     os_queue.obj (.kernelTEXT)
                  00003dd8    0000081c     os_event_groups.obj (.kernelTEXT)
                  000045f4    000003bc     os_port.obj (.kernelTEXT)
                  000049b0    000003b0     os_portasm.obj (.kernelTEXT)
                  00004d60    00000380     os_heap.obj (.kernelTEXT)

.cinit     0    000050e0    00000060     
                  000050e0    00000011     (.cinit..data.load) [load image, compression = lzss]
                  000050f1    00000003     --HOLE-- [fill = 0]
                  000050f4    0000000c     (__TI_handler_table)
                  00005100    00000009     (.cinit..kernelBSS.load) [load image, compression = lzss]
                  00005109    00000007     --HOLE-- [fill = 0]
                  00005110    00000008     (.cinit..bss.load) [load image, compression = zero_init]
                  00005118    00000008     (.cinit..kernelHEAP.load) [load image, compression = zero_init]
                  00005120    00000020     (__TI_cinit_table)

.text      0    00008020    0000755c     
                  00008020    000024f0     sys_selftest.obj (.text)
                  0000a510    00000aa0     system.obj (.text)
                  0000afb0    000009a0     os_mpu_wrappers.obj (.text)
                  0000b950    0000089c     sys_vim.obj (.text)
                  0000c1ec    000006e4     sci.obj (.text)
                  0000c8d0    00000664     errata_SSWF021_45.obj (.text)
                  0000cf34    000005bc     esm.obj (.text)
                  0000d4f0    000002d0     sys_core.obj (.text)
                  0000d7c0    00000278     os_heap.obj (.text)
                  0000da38    00000268     sys_vim.obj (.text:retain)
                  0000dca0    00000238     os_list.obj (.text)
                  0000ded8    0000021c     sys_startup.obj (.text:retain)
                  0000e0f4    00000214     rtsv7R4_A_be_eabi.lib : fd_add32.asm.obj (.text)
                  0000e308    000001d8     sci.obj (.text:retain)
                  0000e4e0    000001b4     os_port.obj (.text)
                  0000e694    00000190     rtsv7R4_A_be_eabi.lib : fd_div32.asm.obj (.text)
                  0000e824    00000180                           : memcpy32.asm.obj (.text)
                  0000e9a4    00000164     os_tasks.obj (.text)
                  0000eb08    00000158     rtsv7R4_A_be_eabi.lib : s_floor.c.obj (.text:floor)
                  0000ec60    00000150     pinmux.obj (.text)
                  0000edb0    00000144     sys_main.obj (.text)
                  0000eef4    000000ec     esm.obj (.text:retain)
                  0000efe0    000000e8     dabort.obj (.text)
                  0000f0c8    000000e0     rtsv7R4_A_be_eabi.lib : fd_cmp32.asm.obj (.text:__aeabi_cdrcmple)
                  0000f1a8    000000e0     sys_pmu.obj (.text)
                  0000f288    000000b0     rtsv7R4_A_be_eabi.lib : memset32.asm.obj (.text)
                  0000f338    00000090                           : copy_decompress_lzss.c.obj (.text:decompress:lzss:__TI_decompress_lzss)
                  0000f3c8    0000006c     notification.obj (.text)
                  0000f434    00000068     rtsv7R4_A_be_eabi.lib : autoinit.c.obj (.text:__TI_auto_init_nobinit_nopinit:__TI_auto_init_nobinit_nopinit)
                  0000f49c    00000058                           : fd_tou32.asm.obj (.text)
                  0000f4f4    00000034                           : u_tofd32.asm.obj (.text)
                  0000f528    00000020                           : strlen.c.obj (.text:strlen)
                  0000f548    00000014                           : copy_decompress_none.c.obj (.text:decompress:none:__TI_decompress_none)
                  0000f55c    00000010                           : copy_zero_init.c.obj (.text:decompress:ZI:__TI_zero_init)
                  0000f56c    00000008                           : exit.c.obj (.text:abort:abort)
                  0000f574    00000004     sys_phantom.obj (.text:retain)
                  0000f578    00000004     sys_startup.obj (.text)

.const     0    0000f57c    00000180     
                  0000f57c    00000180     sys_vim.obj (.const:s_vim_init)

.kernelBSS 
*          0    08000800    00000104     UNINITIALIZED
                  08000800    000000d0     os_tasks.obj (.kernelBSS:uninit)
                  080008d0    00000034     os_tasks.obj (.kernelBSS:init)

.kernelHEAP 
*          0    08001000    00002000     UNINITIALIZED
                  08001000    00002000     os_heap.obj (.kernelHEAP)

.bss       0    08003000    00000021     UNINITIALIZED
                  08003000    00000014     sci.obj (.bss:g_sciTransfer_t)
                  08003014    00000008     os_heap.obj (.bss:xStart)
                  0800301c    00000004     (.common:xTask1Handle)
                  08003020    00000001     sys_main.obj (.bss)

.data      0    08003024    00000020     UNINITIALIZED
                  08003024    00000010     os_heap.obj (.data)
                  08003034    00000008     sys_main.obj (.data:TX_Data_Slave)
                  0800303c    00000008     os_port.obj (.data)

MODULE SUMMARY

       Module                       code    ro data   rw data
       ------                       ----    -------   -------
    .\source\
       os_tasks.obj                 11584   0         260    
       os_heap.obj                  1528    0         8216   
       sys_selftest.obj             9456    0         0      
       os_queue.obj                 4572    0         0      
       sys_vim.obj                  2820    384       0      
       system.obj                   2720    0         0      
       os_mpu_wrappers.obj          2464    0         0      
       sci.obj                      2236    0         20     
       os_event_groups.obj          2076    0         0      
       esm.obj                      1704    0         0      
       errata_SSWF021_45.obj        1636    0         0      
       os_port.obj                  1392    0         8      
       os_portasm.obj               944     0         0      
       sys_core.obj                 720     0         0      
       os_list.obj                  568     0         0      
       sys_startup.obj              544     0         0      
       sys_main.obj                 324     0         13     
       pinmux.obj                   336     0         0      
       dabort.obj                   232     0         0      
       sys_pmu.obj                  224     0         0      
       notification.obj             108     0         0      
       sys_intvecs.obj              32      0         0      
       sys_phantom.obj              4       0         0      
    +--+----------------------------+-------+---------+---------+
       Total:                       48224   384       8517   
                                                             
    C:\ti\ccs930\ccs\tools\compiler\ti-cgt-arm_18.12.4.LTS\lib\rtsv7R4_A_be_eabi.lib
       fd_add32.asm.obj             532     0         0      
       fd_div32.asm.obj             400     0         0      
       memcpy32.asm.obj             384     0         0      
       s_floor.c.obj                344     0         0      
       fd_cmp32.asm.obj             224     0         0      
       memset32.asm.obj             176     0         0      
       copy_decompress_lzss.c.obj   144     0         0      
       autoinit.c.obj               104     0         0      
       fd_tou32.asm.obj             88      0         0      
       u_tofd32.asm.obj             52      0         0      
       strlen.c.obj                 32      0         0      
       copy_decompress_none.c.obj   20      0         0      
       copy_zero_init.c.obj         16      0         0      
       exit.c.obj                   8       0         0      
    +--+----------------------------+-------+---------+---------+
       Total:                       2524    0         0      
                                                             
       Linker Generated:            0       86        0      
    +--+----------------------------+-------+---------+---------+
       Grand Total:                 50748   470       8517   


LINKER GENERATED COPY TABLES

__TI_cinit_table @ 00005120 records: 4, size/record: 8, table size: 32
	.data: load addr=000050e0, load size=00000011 bytes, run addr=08003024, run size=00000020 bytes, compression=lzss
	.kernelBSS: load addr=00005100, load size=00000009 bytes, run addr=08000800, run size=00000104 bytes, compression=lzss
	.bss: load addr=00005110, load size=00000008 bytes, run addr=08003000, run size=00000021 bytes, compression=zero_init
	.kernelHEAP: load addr=00005118, load size=00000008 bytes, run addr=08001000, run size=00002000 bytes, compression=zero_init


LINKER GENERATED HANDLER TABLE

__TI_handler_table @ 000050f4 records: 3, size/record: 4, table size: 12
	index: 0, handler: __TI_decompress_lzss
	index: 1, handler: __TI_decompress_none
	index: 2, handler: __TI_zero_init


GLOBAL SYMBOLS: SORTED ALPHABETICALLY BY Name 

address   name                                  
-------   ----                                  
0000f56c  C$$EXIT                               
0000b180  MPU_eTaskGetState                     
0000b2e8  MPU_pcTaskGetName                     
0000b3c8  MPU_pvTaskGetThreadLocalStoragePointer
0000b4e0  MPU_ulTaskNotifyTake                  
0000b69c  MPU_uxQueueMessagesWaiting            
0000b6d0  MPU_uxQueueSpacesAvailable            
0000b2bc  MPU_uxTaskGetNumberOfTasks            
0000b350  MPU_uxTaskGetStackHighWaterMark       
0000b14c  MPU_uxTaskPriorityGet                 
0000b924  MPU_vEventGroupDelete                 
0000b704  MPU_vQueueDelete                      
0000b058  MPU_vTaskAllocateMPURegions           
0000b0b8  MPU_vTaskDelay                        
0000b0e4  MPU_vTaskDelayUntil                   
0000b08c  MPU_vTaskDelete                       
0000b1b4  MPU_vTaskPrioritySet                  
0000b214  MPU_vTaskResume                       
0000b384  MPU_vTaskSetThreadLocalStoragePointer 
0000b558  MPU_vTaskSetTimeOutState              
0000b1e8  MPU_vTaskSuspend                      
0000b240  MPU_vTaskSuspendAll                   
0000b848  MPU_xEventGroupClearBits              
0000b7c0  MPU_xEventGroupCreate                 
0000b88c  MPU_xEventGroupSetBits                
0000b8d0  MPU_xEventGroupSync                   
0000b7ec  MPU_xEventGroupWaitBits               
0000b730  MPU_xQueueGenericCreate               
0000b648  MPU_xQueueGenericReceive              
0000b77c  MPU_xQueueGenericReset                
0000b5f4  MPU_xQueueGenericSend                 
0000b118  MPU_xTaskAbortDelay                   
0000b584  MPU_xTaskCheckForTimeOut              
0000afb0  MPU_xTaskCreate                       
0000b014  MPU_xTaskCreateRestricted             
0000b438  MPU_xTaskGenericNotify                
0000b31c  MPU_xTaskGetHandle                    
0000b40c  MPU_xTaskGetIdleTaskHandle            
0000b5c8  MPU_xTaskGetSchedulerState            
0000b290  MPU_xTaskGetTickCount                 
0000b524  MPU_xTaskNotifyStateClear             
0000b48c  MPU_xTaskNotifyWait                   
0000b264  MPU_xTaskResumeAll                    
UNDEFED   SHT$$INIT_ARRAY$$Base                 
UNDEFED   SHT$$INIT_ARRAY$$Limit                
08003034  TX_Data_Slave                         
00005120  __TI_CINIT_Base                       
00005140  __TI_CINIT_Limit                      
000050f4  __TI_Handler_Table_Base               
00005100  __TI_Handler_Table_Limit              
0000d7b8  __TI_PINIT_Base                       
0000d7bc  __TI_PINIT_Limit                      
0000f434  __TI_auto_init_nobinit_nopinit        
0000f338  __TI_decompress_lzss                  
0000f548  __TI_decompress_none                  
ffffffff  __TI_pprof_out_hndl                   
ffffffff  __TI_prof_data_size                   
ffffffff  __TI_prof_data_start                  
00000000  __TI_static_base__                    
0000f55c  __TI_zero_init                        
0000f0c8  __aeabi_cdrcmple                      
0000f49c  __aeabi_d2uiz                         
0000e100  __aeabi_dadd                          
0000e694  __aeabi_ddiv                          
0000e0f4  __aeabi_dsub                          
0000f288  __aeabi_memclr                        
0000f288  __aeabi_memclr4                       
0000f288  __aeabi_memclr8                       
0000e824  __aeabi_memcpy                        
0000e824  __aeabi_memcpy4                       
0000e824  __aeabi_memcpy8                       
0000f28c  __aeabi_memset                        
0000f28c  __aeabi_memset4                       
0000f28c  __aeabi_memset8                       
0000f4f4  __aeabi_ui2d                          
ffffffff  __binit__                             
ffffffff  __c_args__                            
0000ded8  _c_int00                              
0000d6e0  _coreClearAuxiliaryDataFault_         
0000d6f4  _coreClearAuxiliaryInstructionFault_  
0000d6b8  _coreClearDataFaultAddress_           
0000d690  _coreClearDataFault_                  
0000d6cc  _coreClearInstructionFaultAddress_    
0000d6a4  _coreClearInstructionFault_           
0000d624  _coreDisableEventBusExport_           
0000d668  _coreDisableFlashEcc_                 
0000d644  _coreDisableRamEcc_                   
0000d614  _coreEnableEventBusExport_            
0000d654  _coreEnableFlashEcc_                  
0000d678  _coreEnableIrqVicOffset_              
0000d634  _coreEnableRamEcc_                    
0000d6d8  _coreGetAuxiliaryDataFault_           
0000d6ec  _coreGetAuxiliaryInstructionFault_    
0000d6b0  _coreGetDataFaultAddress_             
0000d688  _coreGetDataFault_                    
0000d6c4  _coreGetInstructionFaultAddress_      
0000d69c  _coreGetInstructionFault_             
0000d4f0  _coreInitRegisters_                   
0000d5a8  _coreInitStackPointer_                
0000efe0  _dabort                               
0000d708  _disable_FIQ_interrupt_               
0000d710  _disable_IRQ_interrupt_               
0000d700  _disable_interrupt_                   
0000d718  _enable_interrupt_                    
0000d7a8  _errata_CORTEXR4_66_                  
0000c8d0  _errata_SSWF021_45_both_plls          
0000cac4  _errata_SSWF021_45_pll1               
0000cc3c  _errata_SSWF021_45_pll2               
0000d720  _esmCcmErrorsClear_                   
0000d5f4  _getCPSRValue_                        
0000d5fc  _gotoCPUIdle_                         
0000f204  _pmuDisableCountersGlobal_            
0000f1f4  _pmuEnableCountersGlobal_             
0000f260  _pmuGetCycleCount_                    
0000f268  _pmuGetEventCount_                    
0000f274  _pmuGetOverflow_                      
0000f1a8  _pmuInit_                             
0000f234  _pmuResetCounters_                    
0000f214  _pmuResetCycleCounter_                
0000f224  _pmuResetEventCounters_               
0000f254  _pmuSetCountEvent_                    
0000f244  _pmuStartCounters_                    
0000f24c  _pmuStopCounters_                     
UNDEFED   _system_post_cinit                    
0000f56c  abort                                 
00009004  adc1ParityCheck                       
ffffffff  binit                                 
000090bc  can1ParityCheck                       
00009198  can2ParityCheck                       
00008030  ccmSelfCheck                          
0000a034  ccmr4GetConfigValue                   
00008938  checkB0RAMECC                         
00008b28  checkB1RAMECC                         
00009604  checkClockMonitor                     
00008d18  checkFlashECC                         
000096d8  checkFlashEEPROMECC                   
00009880  checkPLL1Slip                         
0000999c  checkRAMAddrParity                    
000093bc  checkRAMECC                           
00009aa4  checkRAMUERRTest                      
000087bc  checkefcSelfTest                      
00008234  cpuSelfTest                           
00008dfc  cpuSelfTestFail                       
0000aef0  customTrimLPO                         
00008df4  custom_dabort                         
0000a424  disableParity                         
00001f18  eTaskConfirmSleepModeStatus           
00000890  eTaskGetState                         
00008660  efcCheck                              
00009f98  efcGetConfigValue                     
00008794  efcSelfTest                           
000086e8  efcStuckZeroTest                      
0000a3d0  enableParity                          
0000a0b0  errata_PBIST_4                        
0000d0b8  esmActivateNormalOperation            
0000d18c  esmClearStatus                        
0000d1cc  esmClearStatusBuffer                  
0000d080  esmDisableError                       
0000d0f0  esmDisableInterrupt                   
0000d058  esmEnableError                        
0000d0c8  esmEnableInterrupt                    
0000d2c4  esmEnterSelfTest                      
0000d03c  esmError                              
0000d39c  esmGetConfigValue                     
0000d208  esmGetStatus                          
0000d28c  esmGetStatusBuffer                    
0000f3c8  esmGroup1Notification                 
0000f3d8  esmGroup2Notification                 
0000eef4  esmHighInterrupt                      
0000cf34  esmInit                               
0000d34c  esmSelfTestStatus                     
0000d1e8  esmSetCounterPreloadValue             
0000d118  esmSetInterruptLevel                  
0000d0a8  esmTriggerErrorPinReset               
0000eb08  floor                                 
0000eb08  floorl                                
00009c00  fmcBus1ParityCheck                    
0000885c  fmcBus2Check                          
00008898  fmcECCcheck                           
0000f578  handlePLLLockFail                     
00008eac  het1ParityCheck                       
00008f4c  htu1ParityCheck                       
0000e308  linHighLevelInterrupt                 
0000edd4  main                                  
0000a668  mapClocks                             
0000e824  memcpy                                
00008174  memoryInit                            
0000f3e8  memoryPort0TestFailNotification       
0000f404  memoryPort1TestFailNotification       
0000f298  memset                                
00009260  mibspi1ParityCheck                    
0000ec60  muxInit                               
00009d2c  pbistFail                             
00009db0  pbistGetConfigValue                   
000085a8  pbistIsTestCompleted                  
000085d4  pbistIsTestPassed                     
00008608  pbistPortTestStatus                   
000084ac  pbistRun                              
000082cc  pbistSelfCheck                        
00008578  pbistStop                             
00001354  pcTaskGetName                         
0000a614  periphInit                            
0000f574  phantomInterrupt                      
0000ece8  pinmuxGetConfigValue                  
00004d38  prvMpuDisable                         
00004d20  prvMpuEnable                          
00004d08  prvMpuSetRegion                       
00004d60  pvPortMalloc                          
00001ff8  pvTaskGetThreadLocalStoragePointer    
080008d0  pxCurrentTCB                          
000045f4  pxPortInitialiseStack                 
00000000  resetEntry                            
0000c638  sciDisableLoopback                    
0000c690  sciDisableNotification                
0000ee58  sciDisplayText                        
0000c604  sciEnableLoopback                     
0000c654  sciEnableNotification                 
0000c6cc  sciEnterResetState                    
0000c6ec  sciExitResetState                     
0000c1ec  sciInit                               
0000c4ec  sciIsIdleDetected                     
0000c4d0  sciIsRxReady                          
0000c3b0  sciIsTxReady                          
0000ee18  sciNotification                       
0000c564  sciReceive                            
0000c538  sciReceiveByte                        
0000c508  sciRxError                            
0000c3fc  sciSend                               
0000c3cc  sciSendByte                           
0000c2f8  sciSetBaudrate                        
0000c2d8  sciSetFunctional                      
0000c724  scilinGetConfigValue                  
00008020  selftestFailNotification              
0000a5d4  setupFlash                            
0000a510  setupPLL                              
0000adb4  sramGetConfigValue                    
00009ef8  stcGetConfigValue                     
000081b8  stcSelfCheck                          
00008df8  stcSelfCheckFail                      
0000f528  strlen                                
0000a848  systemGetConfigValue                  
0000a74c  systemInit                            
0000a818  systemPowerDown                       
0000ac08  tcmflashGetConfigValue                
0000a560  trimLPO                               
0800303c  ulCriticalNesting                     
00004c44  ulPortCountLeadingZeros               
08003040  ulTaskHasFPUContext                   
00002390  ulTaskNotifyTake                      
0000de4c  uxListRemove                          
00003910  uxQueueMessagesWaiting                
00003994  uxQueueMessagesWaitingFromISR         
00003948  uxQueueSpacesAvailable                
00001348  uxTaskGetNumberOfTasks                
0000223c  uxTaskGetStackHighWaterMark           
00000994  uxTaskPriorityGet                     
000009d8  uxTaskPriorityGetFromISR              
00002354  uxTaskResetEventItemValue             
0000456c  vEventGroupClearBitsCallback          
000044cc  vEventGroupDelete                     
00004550  vEventGroupSetBitsCallback            
0000dca0  vListInitialise                       
0000dcf8  vListInitialiseItem                   
0000dd88  vListInsert                           
0000dd14  vListInsertEnd                        
0000497c  vPortEndScheduler                     
00004fb8  vPortFree                             
000050c8  vPortInitialiseBlocks                 
00004b84  vPortPreemptiveTick                   
00004c4c  vPortSWI                              
000049b4  vPortStartFirstTask                   
000046e4  vPortStoreTaskMPUSettings             
00004ad0  vPortYeildWithinAPI                   
00004a24  vPortYieldProcessor                   
000039c4  vQueueDelete                          
0000edb0  vTask1                                
00002064  vTaskAllocateMPURegions               
0000080c  vTaskDelay                            
000006a0  vTaskDelayUntil                       
00000538  vTaskDelete                           
00001084  vTaskEndScheduler                     
00001f08  vTaskMissedYield                      
00002954  vTaskNotifyGiveFromISR                
00001ad0  vTaskPlaceOnEventList                 
00001b14  vTaskPlaceOnUnorderedEventList        
00000a20  vTaskPrioritySet                      
00000e20  vTaskResume                           
00001f94  vTaskSetThreadLocalStoragePointer     
00001d90  vTaskSetTimeOutState                  
00000fec  vTaskStartScheduler                   
0000166c  vTaskStepTick                         
00000c18  vTaskSuspend                          
000010a0  vTaskSuspendAll                       
000019f0  vTaskSwitchContext                    
0000ba24  vimChannelMap                         
0000bc20  vimDisableInterrupt                   
0000bac8  vimEnableInterrupt                    
0000bca4  vimGetConfigValue                     
0000b950  vimInit                               
00008e00  vimParityCheck                        
0000da38  vimParityErrorHandler                 
0000eeb8  wait                                  
00004268  xEventGroupClearBits                  
00003dd8  xEventGroupCreate                     
000042ec  xEventGroupGetBitsFromISR             
0000431c  xEventGroupSetBits                    
00003e14  xEventGroupSync                       
00004014  xEventGroupWaitBits                   
000050b0  xPortGetFreeHeapSize                  
000050bc  xPortGetMinimumEverFreeHeapSize       
00004958  xPortStartScheduler                   
00002d24  xQueueGenericCreate                   
000033fc  xQueueGenericReceive                  
00002bfc  xQueueGenericReset                    
00002e40  xQueueGenericSend                     
00003100  xQueueGenericSendFromISR              
00003290  xQueueGiveFromISR                     
00003cfc  xQueueIsQueueEmptyFromISR             
00003d88  xQueueIsQueueFullFromISR              
0000381c  xQueuePeekFromISR                     
000036d4  xQueueReceiveFromISR                  
0800301c  xTask1Handle                          
000016c8  xTaskAbortDelay                       
00001dd0  xTaskCheckForTimeOut                  
000000fc  xTaskCreate                           
00000020  xTaskCreateRestricted                 
00002580  xTaskGenericNotify                    
00002754  xTaskGenericNotifyFromISR             
0000152c  xTaskGetHandle                        
00001634  xTaskGetIdleTaskHandle                
00002304  xTaskGetSchedulerState                
00001308  xTaskGetTickCount                     
00001324  xTaskGetTickCountFromISR              
000017c8  xTaskIncrementTick                    
0000ea8c  xTaskNotifyStateClear                 
00002468  xTaskNotifyWait                       
00001b98  xTaskRemoveFromEventList              
00001c88  xTaskRemoveFromUnorderedEventList     
00001158  xTaskResumeAll                        
00000f04  xTaskResumeFromISR                    


GLOBAL SYMBOLS: SORTED BY Symbol Address 

address   name                                  
-------   ----                                  
00000000  __TI_static_base__                    
00000000  resetEntry                            
00000020  xTaskCreateRestricted                 
000000fc  xTaskCreate                           
00000538  vTaskDelete                           
000006a0  vTaskDelayUntil                       
0000080c  vTaskDelay                            
00000890  eTaskGetState                         
00000994  uxTaskPriorityGet                     
000009d8  uxTaskPriorityGetFromISR              
00000a20  vTaskPrioritySet                      
00000c18  vTaskSuspend                          
00000e20  vTaskResume                           
00000f04  xTaskResumeFromISR                    
00000fec  vTaskStartScheduler                   
00001084  vTaskEndScheduler                     
000010a0  vTaskSuspendAll                       
00001158  xTaskResumeAll                        
00001308  xTaskGetTickCount                     
00001324  xTaskGetTickCountFromISR              
00001348  uxTaskGetNumberOfTasks                
00001354  pcTaskGetName                         
0000152c  xTaskGetHandle                        
00001634  xTaskGetIdleTaskHandle                
0000166c  vTaskStepTick                         
000016c8  xTaskAbortDelay                       
000017c8  xTaskIncrementTick                    
000019f0  vTaskSwitchContext                    
00001ad0  vTaskPlaceOnEventList                 
00001b14  vTaskPlaceOnUnorderedEventList        
00001b98  xTaskRemoveFromEventList              
00001c88  xTaskRemoveFromUnorderedEventList     
00001d90  vTaskSetTimeOutState                  
00001dd0  xTaskCheckForTimeOut                  
00001f08  vTaskMissedYield                      
00001f18  eTaskConfirmSleepModeStatus           
00001f94  vTaskSetThreadLocalStoragePointer     
00001ff8  pvTaskGetThreadLocalStoragePointer    
00002064  vTaskAllocateMPURegions               
0000223c  uxTaskGetStackHighWaterMark           
00002304  xTaskGetSchedulerState                
00002354  uxTaskResetEventItemValue             
00002390  ulTaskNotifyTake                      
00002468  xTaskNotifyWait                       
00002580  xTaskGenericNotify                    
00002754  xTaskGenericNotifyFromISR             
00002954  vTaskNotifyGiveFromISR                
00002bfc  xQueueGenericReset                    
00002d24  xQueueGenericCreate                   
00002e40  xQueueGenericSend                     
00003100  xQueueGenericSendFromISR              
00003290  xQueueGiveFromISR                     
000033fc  xQueueGenericReceive                  
000036d4  xQueueReceiveFromISR                  
0000381c  xQueuePeekFromISR                     
00003910  uxQueueMessagesWaiting                
00003948  uxQueueSpacesAvailable                
00003994  uxQueueMessagesWaitingFromISR         
000039c4  vQueueDelete                          
00003cfc  xQueueIsQueueEmptyFromISR             
00003d88  xQueueIsQueueFullFromISR              
00003dd8  xEventGroupCreate                     
00003e14  xEventGroupSync                       
00004014  xEventGroupWaitBits                   
00004268  xEventGroupClearBits                  
000042ec  xEventGroupGetBitsFromISR             
0000431c  xEventGroupSetBits                    
000044cc  vEventGroupDelete                     
00004550  vEventGroupSetBitsCallback            
0000456c  vEventGroupClearBitsCallback          
000045f4  pxPortInitialiseStack                 
000046e4  vPortStoreTaskMPUSettings             
00004958  xPortStartScheduler                   
0000497c  vPortEndScheduler                     
000049b4  vPortStartFirstTask                   
00004a24  vPortYieldProcessor                   
00004ad0  vPortYeildWithinAPI                   
00004b84  vPortPreemptiveTick                   
00004c44  ulPortCountLeadingZeros               
00004c4c  vPortSWI                              
00004d08  prvMpuSetRegion                       
00004d20  prvMpuEnable                          
00004d38  prvMpuDisable                         
00004d60  pvPortMalloc                          
00004fb8  vPortFree                             
000050b0  xPortGetFreeHeapSize                  
000050bc  xPortGetMinimumEverFreeHeapSize       
000050c8  vPortInitialiseBlocks                 
000050f4  __TI_Handler_Table_Base               
00005100  __TI_Handler_Table_Limit              
00005120  __TI_CINIT_Base                       
00005140  __TI_CINIT_Limit                      
00008020  selftestFailNotification              
00008030  ccmSelfCheck                          
00008174  memoryInit                            
000081b8  stcSelfCheck                          
00008234  cpuSelfTest                           
000082cc  pbistSelfCheck                        
000084ac  pbistRun                              
00008578  pbistStop                             
000085a8  pbistIsTestCompleted                  
000085d4  pbistIsTestPassed                     
00008608  pbistPortTestStatus                   
00008660  efcCheck                              
000086e8  efcStuckZeroTest                      
00008794  efcSelfTest                           
000087bc  checkefcSelfTest                      
0000885c  fmcBus2Check                          
00008898  fmcECCcheck                           
00008938  checkB0RAMECC                         
00008b28  checkB1RAMECC                         
00008d18  checkFlashECC                         
00008df4  custom_dabort                         
00008df8  stcSelfCheckFail                      
00008dfc  cpuSelfTestFail                       
00008e00  vimParityCheck                        
00008eac  het1ParityCheck                       
00008f4c  htu1ParityCheck                       
00009004  adc1ParityCheck                       
000090bc  can1ParityCheck                       
00009198  can2ParityCheck                       
00009260  mibspi1ParityCheck                    
000093bc  checkRAMECC                           
00009604  checkClockMonitor                     
000096d8  checkFlashEEPROMECC                   
00009880  checkPLL1Slip                         
0000999c  checkRAMAddrParity                    
00009aa4  checkRAMUERRTest                      
00009c00  fmcBus1ParityCheck                    
00009d2c  pbistFail                             
00009db0  pbistGetConfigValue                   
00009ef8  stcGetConfigValue                     
00009f98  efcGetConfigValue                     
0000a034  ccmr4GetConfigValue                   
0000a0b0  errata_PBIST_4                        
0000a3d0  enableParity                          
0000a424  disableParity                         
0000a510  setupPLL                              
0000a560  trimLPO                               
0000a5d4  setupFlash                            
0000a614  periphInit                            
0000a668  mapClocks                             
0000a74c  systemInit                            
0000a818  systemPowerDown                       
0000a848  systemGetConfigValue                  
0000ac08  tcmflashGetConfigValue                
0000adb4  sramGetConfigValue                    
0000aef0  customTrimLPO                         
0000afb0  MPU_xTaskCreate                       
0000b014  MPU_xTaskCreateRestricted             
0000b058  MPU_vTaskAllocateMPURegions           
0000b08c  MPU_vTaskDelete                       
0000b0b8  MPU_vTaskDelay                        
0000b0e4  MPU_vTaskDelayUntil                   
0000b118  MPU_xTaskAbortDelay                   
0000b14c  MPU_uxTaskPriorityGet                 
0000b180  MPU_eTaskGetState                     
0000b1b4  MPU_vTaskPrioritySet                  
0000b1e8  MPU_vTaskSuspend                      
0000b214  MPU_vTaskResume                       
0000b240  MPU_vTaskSuspendAll                   
0000b264  MPU_xTaskResumeAll                    
0000b290  MPU_xTaskGetTickCount                 
0000b2bc  MPU_uxTaskGetNumberOfTasks            
0000b2e8  MPU_pcTaskGetName                     
0000b31c  MPU_xTaskGetHandle                    
0000b350  MPU_uxTaskGetStackHighWaterMark       
0000b384  MPU_vTaskSetThreadLocalStoragePointer 
0000b3c8  MPU_pvTaskGetThreadLocalStoragePointer
0000b40c  MPU_xTaskGetIdleTaskHandle            
0000b438  MPU_xTaskGenericNotify                
0000b48c  MPU_xTaskNotifyWait                   
0000b4e0  MPU_ulTaskNotifyTake                  
0000b524  MPU_xTaskNotifyStateClear             
0000b558  MPU_vTaskSetTimeOutState              
0000b584  MPU_xTaskCheckForTimeOut              
0000b5c8  MPU_xTaskGetSchedulerState            
0000b5f4  MPU_xQueueGenericSend                 
0000b648  MPU_xQueueGenericReceive              
0000b69c  MPU_uxQueueMessagesWaiting            
0000b6d0  MPU_uxQueueSpacesAvailable            
0000b704  MPU_vQueueDelete                      
0000b730  MPU_xQueueGenericCreate               
0000b77c  MPU_xQueueGenericReset                
0000b7c0  MPU_xEventGroupCreate                 
0000b7ec  MPU_xEventGroupWaitBits               
0000b848  MPU_xEventGroupClearBits              
0000b88c  MPU_xEventGroupSetBits                
0000b8d0  MPU_xEventGroupSync                   
0000b924  MPU_vEventGroupDelete                 
0000b950  vimInit                               
0000ba24  vimChannelMap                         
0000bac8  vimEnableInterrupt                    
0000bc20  vimDisableInterrupt                   
0000bca4  vimGetConfigValue                     
0000c1ec  sciInit                               
0000c2d8  sciSetFunctional                      
0000c2f8  sciSetBaudrate                        
0000c3b0  sciIsTxReady                          
0000c3cc  sciSendByte                           
0000c3fc  sciSend                               
0000c4d0  sciIsRxReady                          
0000c4ec  sciIsIdleDetected                     
0000c508  sciRxError                            
0000c538  sciReceiveByte                        
0000c564  sciReceive                            
0000c604  sciEnableLoopback                     
0000c638  sciDisableLoopback                    
0000c654  sciEnableNotification                 
0000c690  sciDisableNotification                
0000c6cc  sciEnterResetState                    
0000c6ec  sciExitResetState                     
0000c724  scilinGetConfigValue                  
0000c8d0  _errata_SSWF021_45_both_plls          
0000cac4  _errata_SSWF021_45_pll1               
0000cc3c  _errata_SSWF021_45_pll2               
0000cf34  esmInit                               
0000d03c  esmError                              
0000d058  esmEnableError                        
0000d080  esmDisableError                       
0000d0a8  esmTriggerErrorPinReset               
0000d0b8  esmActivateNormalOperation            
0000d0c8  esmEnableInterrupt                    
0000d0f0  esmDisableInterrupt                   
0000d118  esmSetInterruptLevel                  
0000d18c  esmClearStatus                        
0000d1cc  esmClearStatusBuffer                  
0000d1e8  esmSetCounterPreloadValue             
0000d208  esmGetStatus                          
0000d28c  esmGetStatusBuffer                    
0000d2c4  esmEnterSelfTest                      
0000d34c  esmSelfTestStatus                     
0000d39c  esmGetConfigValue                     
0000d4f0  _coreInitRegisters_                   
0000d5a8  _coreInitStackPointer_                
0000d5f4  _getCPSRValue_                        
0000d5fc  _gotoCPUIdle_                         
0000d614  _coreEnableEventBusExport_            
0000d624  _coreDisableEventBusExport_           
0000d634  _coreEnableRamEcc_                    
0000d644  _coreDisableRamEcc_                   
0000d654  _coreEnableFlashEcc_                  
0000d668  _coreDisableFlashEcc_                 
0000d678  _coreEnableIrqVicOffset_              
0000d688  _coreGetDataFault_                    
0000d690  _coreClearDataFault_                  
0000d69c  _coreGetInstructionFault_             
0000d6a4  _coreClearInstructionFault_           
0000d6b0  _coreGetDataFaultAddress_             
0000d6b8  _coreClearDataFaultAddress_           
0000d6c4  _coreGetInstructionFaultAddress_      
0000d6cc  _coreClearInstructionFaultAddress_    
0000d6d8  _coreGetAuxiliaryDataFault_           
0000d6e0  _coreClearAuxiliaryDataFault_         
0000d6ec  _coreGetAuxiliaryInstructionFault_    
0000d6f4  _coreClearAuxiliaryInstructionFault_  
0000d700  _disable_interrupt_                   
0000d708  _disable_FIQ_interrupt_               
0000d710  _disable_IRQ_interrupt_               
0000d718  _enable_interrupt_                    
0000d720  _esmCcmErrorsClear_                   
0000d7a8  _errata_CORTEXR4_66_                  
0000d7b8  __TI_PINIT_Base                       
0000d7bc  __TI_PINIT_Limit                      
0000da38  vimParityErrorHandler                 
0000dca0  vListInitialise                       
0000dcf8  vListInitialiseItem                   
0000dd14  vListInsertEnd                        
0000dd88  vListInsert                           
0000de4c  uxListRemove                          
0000ded8  _c_int00                              
0000e0f4  __aeabi_dsub                          
0000e100  __aeabi_dadd                          
0000e308  linHighLevelInterrupt                 
0000e694  __aeabi_ddiv                          
0000e824  __aeabi_memcpy                        
0000e824  __aeabi_memcpy4                       
0000e824  __aeabi_memcpy8                       
0000e824  memcpy                                
0000ea8c  xTaskNotifyStateClear                 
0000eb08  floor                                 
0000eb08  floorl                                
0000ec60  muxInit                               
0000ece8  pinmuxGetConfigValue                  
0000edb0  vTask1                                
0000edd4  main                                  
0000ee18  sciNotification                       
0000ee58  sciDisplayText                        
0000eeb8  wait                                  
0000eef4  esmHighInterrupt                      
0000efe0  _dabort                               
0000f0c8  __aeabi_cdrcmple                      
0000f1a8  _pmuInit_                             
0000f1f4  _pmuEnableCountersGlobal_             
0000f204  _pmuDisableCountersGlobal_            
0000f214  _pmuResetCycleCounter_                
0000f224  _pmuResetEventCounters_               
0000f234  _pmuResetCounters_                    
0000f244  _pmuStartCounters_                    
0000f24c  _pmuStopCounters_                     
0000f254  _pmuSetCountEvent_                    
0000f260  _pmuGetCycleCount_                    
0000f268  _pmuGetEventCount_                    
0000f274  _pmuGetOverflow_                      
0000f288  __aeabi_memclr                        
0000f288  __aeabi_memclr4                       
0000f288  __aeabi_memclr8                       
0000f28c  __aeabi_memset                        
0000f28c  __aeabi_memset4                       
0000f28c  __aeabi_memset8                       
0000f298  memset                                
0000f338  __TI_decompress_lzss                  
0000f3c8  esmGroup1Notification                 
0000f3d8  esmGroup2Notification                 
0000f3e8  memoryPort0TestFailNotification       
0000f404  memoryPort1TestFailNotification       
0000f434  __TI_auto_init_nobinit_nopinit        
0000f49c  __aeabi_d2uiz                         
0000f4f4  __aeabi_ui2d                          
0000f528  strlen                                
0000f548  __TI_decompress_none                  
0000f55c  __TI_zero_init                        
0000f56c  C$$EXIT                               
0000f56c  abort                                 
0000f574  phantomInterrupt                      
0000f578  handlePLLLockFail                     
080008d0  pxCurrentTCB                          
0800301c  xTask1Handle                          
08003034  TX_Data_Slave                         
0800303c  ulCriticalNesting                     
08003040  ulTaskHasFPUContext                   
ffffffff  __TI_pprof_out_hndl                   
ffffffff  __TI_prof_data_size                   
ffffffff  __TI_prof_data_start                  
ffffffff  __binit__                             
ffffffff  __c_args__                            
ffffffff  binit                                 
UNDEFED   SHT$$INIT_ARRAY$$Base                 
UNDEFED   SHT$$INIT_ARRAY$$Limit                
UNDEFED   _system_post_cinit                    

[340 symbols]
